24 24 23 23 22 23 23 22 22 22 21 21 23 25 24 23 24 24 25 25 24 25 24 24 24 24 24 23 23 23 23 24 24 23 22 22 21 20 0 0 0 0 0 0 0 0 0 0 0 0 0 0 0 0 0 0 0 0 0
