55 58 60 60 59 59 58 59 59 60 60 61 60 60 60 60 60 59 61 60 62 62 62 63 63 64 64 64 65 64 63 63 63 63 62 61 60 63 64 64 64 65 65 65 65 66 65 64 63 64 63 62 61 65 64 64 63 63 63 63 62 61 62 62 61 62 63 63 64 64 63 63 63 64 66 65 66 65 64 64 66 65 64 64 66 65 64 64 63 63 64 63 63 63 63 62 63 62 62 61 60 59 59 59 58 57 58 57 56 55 55 54 54 54 53 52 51 50 51 50 49 49 50 49 49 49 48 49 48 48 47 46 46 45 47 47 46 45 44 44 44 44 43 43 42 41 41 41 41 40 40 42 41 41 41 42 42 41 41 40 40 40 40 39 41 41 41 42 44 44 43 42 42 43 44 43 45 46 47 46 46 46 46 46 46 47 49 48 48 48 49 48 47 47 47 48 48 48 49 49 49 49 50 50 50 49 49 49 0 0 0 0 0 0 0 0 0 0 0 0 0 0 0 0 0 0 0 0 0 0 0 0 0 0 0 0 0 0 0 0 0 0 0 0 0 0 0 0 0 0 0 0 0 0 0 0
