14 13 13 13 13 13 12 11 10 10 10 10 9 9 9 9 10 10 11 11 11 0 0 0 0 0 0 0 0 0 0 0 0 0
