11 13 13 14 14 13 12 13 12 11 0 0 0 0 0 0 0 0 0 0
