6 5 4 4 3 2 2 3 5 4 5 4 3 6 5 5 4 3 2 2 3 7 6 8 7 6 5 4 6 5 4 4 3 2 2 3 4 3 3 2 4 5 4 3 3 2 2 2 3 3 2 3 3 2 12 12 11 10 9 8 7 6 5 4 3 2 2 5 5 4 3 2 5 7 6 5 4 6 5 4 7 6 5 7 6 5 4 5 4 3 3 2 2 3 3 2 2 4 5 4 3 5 4 4 3 2 9 10 9 8 7 6 5 4 3 6 5 5 4 3 2 2 2 3 4 3 8 7 8 7 6 5 4 3 3 2 5 5 4 3 2 3 3 2 2 3 7 6 6 5 4 3 2 2 5 6 5 4 3 4 3 5 4 4 3 2 5 11 10 9 8 17 16 15 14 13 12 11 11 10 9 8 7 6 5 4 3 2 2 4 4 3 2 3 3 2 2 2 2 6 9 8 7 6 5 6 5 4 3 8 7 9 8 7 6 5 4 5 4 3 4 3 4 3 3 2 2 2 2 3 4 3 4 3 0 0
