21 21 20 19 19 18 18 17 17 18 18 18 18 18 18 18 17 17 16 16 16 17 17 0 0 0 0 0 0 0 0 0 0 0 0 0 0 0 0
