55 56 56 55 55 55 56 56 57 58 57 56 57 56 55 55 57 57 59 59 59 58 59 58 59 60 61 60 59 58 57 58 59 58 57 56 57 56 55 56 55 59 59 58 57 56 56 57 56 57 56 56 55 57 56 61 60 61 61 60 60 59 60 61 61 61 60 61 61 64 63 62 61 65 65 64 64 63 63 63 62 62 61 61 62 63 62 63 62 64 64 64 66 66 66 0 0 0 0 0 0 0 0 0 0 0 0 0 0 0 0 0 0 0 0 0 0 0 0 0 0 0 0 0 0 0 0 0 0 0 0 0 0 0 0 0 0 0 0 0 0 0 0 0 0 0 0 0 0 0 0 0 0 0 0 0 0 0 0 0
