16 15 14 13 13 12 12 13 14 15 16 15 16 16 16 17 18 19 20 19 19 19 18 17 16 16 16 15 15 16 0 0 0 0 0 0 0 0 0 0 0 0 0 0 0
