10 2 51 5 13 18 3 0 4 2 3 9 6 6 17 12 21 12 8 6 16 0 0 1 16 27 2 8 2 3 3 0 9 1 8 9 2 2 0 4 0 5 3 4 0 0 5 0 0 0 0 0 2 0 0 0
