18 3 3 11 40 27 3 0 0 11 1 26 26 22 8 10 27 2 3 11 7 2 31 23 2 4 5 6 17 7 68 28 26 1 7 17 6 3 26 23 26 8 5 27 11 38 31 1 19 2 0 5 9 21 0 58 15 0 18 16 0 2 3 18 18 3 3 54 17 4 10 1 14 6 22 45 2 31 9 10 15 3 15 10 4 15 8 4 11 1 2 11 53 26 21 27 13 9 13 11 1 3 1 23 3 0 27 5 30 22 44 5 2 5 15 71 9 0 71 5 7 2 15 11 34 34 2 22 2 12 20 5 0 14 5 0 19 7 18 1 3 1 4 90 13 26 7 4 0 15 26 18 0 10 62 6 11 5 2 7 5 12 15 44 4 5 6 7 17 10 18 16 10 2 21 6 7 20 0 1 10 25 18 1 14 6 44 0 6 30 20 1 11 0 2 6 3 5 16 6 22 16 18 1 7 45 2 20 7 0 22 1 1 8 4 28 22 22 17 6 8 10 1 1 5 12 0 22 16 7 4 11 21 34 12 16 4 35 16 2 18 6 3 19 11 28 14 1 29 25 2 14 7 4 28 6 0 14 5 0 6 3 7 12 0 3 13 14 2 0 0 0 8 3 11 0 0 1 0 0 4 2 5 0 2 0 0 0 0
