33 16 14 7 23 15 1 5 1 25 8 30 28 1 5 39 27 6 6 17 19 5 0 5 1 4 12 4 2 6 39 0 0 18 36 14 6 0 30 21 5 3 14 4 9 1 9 0 0 1 11 8 0 14 4 7 1 0 6 6 6 0 1 0 0 0 0 0 0 0 0 0
