6 2 9 27 3 9 26 6 0 0 7 10 0 3 5 8 2 3 28 7 2 3 20 2 4 15 1 2 11 7 1 3 5 0 17 0 5 1 7 15 3 18 13 5 0 11 7 2 13 15 0 1 15 16 3 23 9 1 17 1 2 5 39 0 7 3 7 3 12 29 6 3 0 8 11 4 1 9 5 27 13 3 0 8 6 9 1 1 1 19 2 14 12 7 2 0 3 0 21 12 24 2 0 7 11 2 7 5 1 7 12 24 2 7 4 6 16 0 18 4 5 5 7 11 6 2 5 1 9 4 33 54 10 11 15 3 7 2 10 2 0 9 3 19 11 1 6 0 3 17 3 3 8 4 10 4 0 1 11 2 17 10 53 4 6 0 2 25 14 9 4 1 1 2 5 8 0 4 10 5 0 6 7 3 11 6 4 6 9 11 21 8 2 9 4 1 21 4 5 7 4 6 14 22 24 0 2 7 1 1 11 1 33 0 5 7 14 1 6 4 0 13 4 8 17 2 10 6 11 0 5 1 5 9 6 3 8 22 24 7 11 6 1 14 4 23 4 2 5 7 2 14 8 1 4 0 5 10 5 16 25 15 7 1 13 1 7 31 4 12 0 0 6 7 0 8 23 11 1 8 6 14 0 1 9 21 16 4 1 1 24 1 5 1 11 12 0 3 19 2 21 3 1 9 14 6 9 3 0 0 13 2 7 12 0 0 0 0 2 0 0 0 0 4 0 0 0 0 0 0
