11 8 2 22 1 3 0 15 2 0 17 1 2 3 10 0 1 4 0 7 0 0 17 0 7 5 7 1 0 0 5 1 4 1 9 5 1 1 0 0 1 0 0 0 0
