14 85 10 3 11 3 12 27 3 7 13 13 1 6 3 11 14 23 3 8 0 30 13 2 7 3 16 2 4 14 51 8 1 31 11 12 1 4 41 10 16 42 17 5 6 7 8 6 9 23 19 4 22 15 45 5 15 34 0 2 3 5 0 24 3 0 31 67 33 11 0 2 10 4 21 0 0 12 0 11 5 7 18 1 9 21 6 20 8 16 14 7 22 10 0 46 23 16 33 13 8 15 0 8 21 45 4 30 16 0 11 9 3 29 35 7 1 1 8 4 12 9 5 6 24 0 30 13 0 6 8 2 4 6 10 10 33 16 9 23 24 0 0 0 11 9 0 19 0 2 2 6 11 5 0 0 4 0 1 9 0 0 0 2 0 2 0 0 0 0 0
