4 0 0 8 6 2 10 1 12 6 0 1 1 8 12 4 12 5 0 0 9 2 3 0 0 0 0 0 0 0 0
