8 4 12 3 22 2 21 10 10 0 5 10 0 0 2 7 8 25 2 17 15 4 18 0 23 5 2 4 4 0 4 2 11 20 4 2 3 21 7 7 1 19 15 5 0 4 10 18 4 1 1 3 0 6 1 13 5 0 0 3 0 8 2 0 2 0 1 0 2 0 0 0
