14 3 3 4 6 4 5 17 0 10 5 11 18 4 6 1 5 9 0 6 12 0 1 4 4 0 5 6 0 0 0 3 0 0 0 0
